LTspice 24.1.10 for Windows
Circuit: C:\Users\IT ZONE\Videos\UPwork\work 12\Design Files\Position Sensor Circuit - Legacy Polarity Mode.net
Start Time: Fri Sep 26 07:09:04 2025
solver = Normal
Maximum thread count: 4
tnom = 27
temp = 27
method = trap
Direct Newton iteration failed to find .op point.  (Use ".option noopiter" to skip.)
Starting Gmin stepping
Gmin = 10
Gmin = 1.07374
Gmin = 0.115292
vernier = 0.5
vernier = 0.25
vernier = 0.125
Gmin = 0.0906965
vernier = 0.0625
vernier = 0.03125
vernier = 0.015625
vernier = 0.0078125
Gmin = 0.0924442
vernier = 0.00390625
vernier = 0.00195312
vernier = 0.000976562
vernier = 0.000488281
Gmin = 0
Gmin stepping failed

Starting source stepping with srcstepmethod=0
Source Step = 3.0303%
vernier = 0.25
Source Step = 0.0177557%
Starting source stepping with srcstepmethod=1
Source Step = 3.0303%
vernier = 0.25
Source stepping failed

Pseudo Transient failed in finding the operating point at 0 s.
Failed to find DC operating point for AC analysis.

Simulation stopped by user.
Total elapsed time: 1.159 seconds.

Files loaded:
C:\Users\IT ZONE\Videos\UPwork\work 12\Design Files\Position Sensor Circuit - Legacy Polarity Mode.net
C:\Users\IT ZONE\AppData\Local\LTspice\lib\cmp\standard.dio
C:\Users\IT ZONE\AppData\Local\LTspice\lib\cmp\standard.bjt
C:\Users\IT ZONE\AppData\Local\LTspice\lib\sub\UniversalOpAmp1.lib

