LTspice 24.1.10 for Windows
Circuit: C:\Users\IT ZONE\Videos\UPwork\work 12\Position Sensor Circuit - Pangolin Polarity Mode edited.net
Start Time: Mon Sep 29 10:14:54 2025
Options: plotwinsize=0  plotwinsize=0
solver = Normal
Maximum thread count: 4
tnom = 27
temp = 27
method = trap
Direct Newton iteration for .op point succeeded.
.step alpha=0
.step alpha=0.25
.step alpha=0.5
.step alpha=0.75
.step alpha=1
Total elapsed time: 1.576 seconds.

Files loaded:
C:\Users\IT ZONE\Videos\UPwork\work 12\Position Sensor Circuit - Pangolin Polarity Mode edited.net
C:\Users\IT ZONE\AppData\Local\LTspice\lib\cmp\standard.dio
C:\Users\IT ZONE\AppData\Local\LTspice\lib\cmp\standard.bjt
C:\Users\IT ZONE\AppData\Local\LTspice\lib\sub\UniversalOpAmp1.lib


Measurement: no_pwr
  step	INTEG(V(onoise)*V(onoise))	FROM	TO
     1	1.39850218278e-06	10	1000000
     2	1.39850218278e-06	10	1000000
     3	1.39850218278e-06	10	1000000
     4	1.39850218278e-06	10	1000000
     5	1.39850218278e-06	10	1000000

Measurement: no_rms
  step	sqrt(NO_PWR)
     1	0.00118258284394
     2	0.00118258284394
     3	0.00118258284394
     4	0.00118258284394
     5	0.00118258284394
